Query: work kanban task t_c1b14830
Initializing agent...
────────────────────────────────────────

  ┊ 📋 preparing kanban_show…
  ┊ ⚡ kanban_sh   0.0s
  ┊ 📋 preparing todo…
  ┊ 💻 preparing terminal…
  ┊ 📋 plan      6 task(s)  0.0s
  ┊ 💻 $         ls -la /home/fulbo/.hermes/kanban/workspaces/t_c1b14830/  0.2s [BLOCKED: Security scan: security issue detect...]
  ┊ 💻 preparing terminal…
  ┊ 💻 $         find /home/fulbo/.hermes/kanban/workspaces/t_c1b14830/ -maxdepth 3 -type f 2>/dev/null  0.0s [BLOCKED: Security scan: security issue detect...]
  ┊ 🔎 preparing search_files…
  ┊ 🔎 find      *  0.2s
  ┊ 🔎 preparing search_files…
  ┊ 🔎 find      *  0.4s
  ┊ 🔎 preparing search_files…
  ┊ 🔎 preparing search_files…
  ┊ 🔎 find      *  0.2s
  ┊ 🔎 find      *  0.3s
  ┊ 📖 preparing read_file…
  ┊ 📖 preparing read_file…
  ┊ 📖 preparing read_file…
  ┊ 📖 read      API_CONTRACTS.md  0.5s
  ┊ 📖 read      docker-compose.yml  0.4s
  ┊ 📖 read      Dockerfile  0.4s
  ┊ 📖 preparing read_file…
  ┊ 📖 preparing read_file…
  ┊ 📖 preparing read_file…
  ┊ 📖 read      start.sh  0.5s
  ┊ 📖 read      main.py  0.5s
  ┊ 📖 read      requirements.txt  0.4s
  ┊ 📖 preparing read_file…
  ┊ 📖 preparing read_file…
  ┊ 📖 preparing read_file…
  ┊ 📖 read      database.py  0.3s
  ┊ 📖 read      jwt.py  0.3s
  ┊ 📖 read      turno_service.py  0.3s
  ┊ 📖 preparing read_file…
  ┊ 📖 preparing read_file…
  ┊ 📖 preparing read_file…
  ┊ 📖 preparing read_file…
  ┊ 📖 read      turnos.py  0.4s
  ┊ 📖 read      agenda.py  0.4s
  ┊ 📖 read      peluqueros.py  0.4s
  ┊ 📖 read      servicios.py  0.4s
  ┊ 📖 preparing read_file…
  ┊ 📖 preparing read_file…
  ┊ 📖 preparing read_file…
  ┊ 📖 preparing read_file…
  ┊ 📖 read      auth.py  0.4s
  ┊ 📖 read      clientes.py  0.4s
  ┊ 📖 read      admin.py  0.4s
  ┊ 📖 read      config.py  0.4s
  ┊ 📖 preparing read_file…
  ┊ 📖 preparing read_file…
  ┊ 📖 preparing read_file…
  ┊ 📖 read      __init__.py  0.3s
  ┊ 📖 read      time.py  0.3s
  ┊ 📖 read      .env  0.1s [Access denied: /home/fulbo/.hermes/kanban/wor...]
  ┊ 📖 preparing read_file…
  ┊ 📖 preparing read_file…
  ┊ 📖 preparing read_file…
  ┊ 📖 read      .env.example  0.3s
  ┊ 📖 read      index.html  0.4s
  ┊ 📖 read      api.js  0.4s
  ┊ 📖 preparing read_file…
  ┊ 📖 read      app.js  0.2s
  ┊ 📖 preparing read_file…
  ┊ 💻 preparing terminal…
  ┊ 📖 read      app.js L501  0.3s
  ┊ 💻 $         which docker + 2 commands  0.0s
  ┊ 💻 preparing terminal…
  ┊ 💻 $         pwd + 1 command  0.0s
  ┊ 🐍 preparing execute_code…
  ┊ 🐍 exec      from hermes_tools import terminal, web_search  0.0s [BLOCKED: execute_code runs arbitrary local Py...]
  ┊ 📖 preparing read_file…
  ┊ 📖 preparing read_file…
  ┊ 📖 preparing read_file…
  ┊ 📖 read      init_db.py  0.4s
  ┊ 📖 read      test_api.py  0.4s
  ┊ 📖 read      __init__.py  0.3s
  ┊ 📖 preparing read_file…
  ┊ 📖 preparing read_file…
  ┊ 📖 preparing read_file…
  ┊ 📖 read      agenda_service.py  0.3s
  ┊ 📖 read      __init__.py  0.3s
  ┊ 📖 read      debug_config.py  0.3s
  ┊ 📋 preparing todo…
  ┊ 📋 plan      update 4/6 ✓  0.0s
  ┊ 📋 preparing todo…
  ┊ 📋 plan      update 4/6 ✓  0.0s
  ┊ ✔ preparing kanban_complete…
  ┊ ⚡ kanban_co   0.2s

╭─ ⚕ Hermes ───────────────────────────────────────────────────────────────────╮
QA FALLIDO — Sistema de calendario

Hice revisión estática exhaustiva del código completo (backend FastAPI, frontend SPA, Docker). No pude levantar Docker (terminal bloqueado en modo sin usuario), pero encontré 5 bugs críticos que rompen el flujo end-to-end sólo con leer el contrato API:

#: 1
Severidad: CRÍTICO
Archivo: js/app.js:524
Problema: crearTurno() NO envía hora_fin (backend lo requiere NOT NULL)
────────────────────────────────────────
#: 2
Severidad: CRÍTICO
Archivo: js/app.js:527
Problema: peluquero_id: null cuando elige "cualquiera" (backend espera int)
────────────────────────────────────────
#: 3
Severidad: CRÍTICO
Archivo: js/api.js:113
Problema: listarClientes usa ?busqueda= pero backend espera ?q=
────────────────────────────────────────
#: 4
Severidad: CRÍTICO
Archivo: js/app.js:418
Problema: data.horarios no existe — la respuesta del backend es array de
  peluqueros con huecos
────────────────────────────────────────
#: 5
Severidad: CRÍTICO
Archivo: js/api.js:163
Problema: exportarCSV usa /export/dia pero backend tiene /admin/export/dia
  (404)

Más hallazgos:
- agenda_service.py es código muerto completo (SQLAlchemy ORM vs sqlite3 real, nadie lo importa)
- Puertos inconsistentes: docs dicen 8001, docker-compose 8080:8000, frontend 8080
- JWT_SECRET_KEY débil hardcoded en config.py (depende de .env)

El backend está bien estructurado (validaciones correctas, JWT con PBKDF2, transiciones de estado, WAL mode). El problema es que el frontend no cumple el contrato de la API — hay que corregir esos 5 puntos para que el flujo funcione. Detalle completo en metadata del task.
╰──────────────────────────────────────────────────────────────────────────────╯

Resume this session with:
  hermes --resume 20260901_161609_dd8da2 -p juli

Session:        20260901_161609_dd8da2
Duration:       9m 42s
Messages:       69 (1 user, 67 tool calls)
