Query: work kanban task t_fa2351d0
Initializing agent...
────────────────────────────────────────

  ┊ 📋 preparing kanban_show…
  ┊ ⚡ kanban_sh   0.0s
  ┊ ✍️ preparing write_file…
  ┊ ✍️  write     /home/fulbo/.hermes/kanban/workspaces/t_fa2351d0/requerimientos-calendario-turnos.md  0.9s
  ┊ review diff
a/requerimientos-calendario-turnos.md → b/requerimientos-calendario-turnos.md
@@ -0,0 +1,138 @@
+# Documento de Requerimientos: Calendario de Turnos — Peluquería
+
+**Versión:** 1.0
+**Fecha:** 2026-09-01
+**Autor:** Valen (PM)
+**Estado:** Borrador para validación
+
+---
+
+## 1. Resumen ejecutivo
+
+Sistema de gestión de turnos para una peluquería. Debe permitir a los clientes reservar turnos online (web) y al personal administrar la agenda localmente. **Restricción no negociable:** todo corre en local (sin nube, sin servicios externos, sin APIs de terceros).
+
+Alcance: peluquería de 1-3 peluqueros. No pensado para cadena ni múltiples sucursales en esta versión.
+
+---
+
+## 2. Alcope y exclusiones
+
+### Dentro del alcance
+- Tipos de turno: corte, coloración, peinado (configurables).
+- Gestión de peluqueros (altas/bajas, horarios disponibles).
+- Gestión de clientes (datos de contacto, historial básico).
+- Agenda visual (día/semana).
+- Recordatorios automáticos (push local o email si hay SMTP local).
+- Bloqueo de huecos por solapamiento.
+- Panel administrativo local.
+
+### Fuera del alcance
+- Pagos / facturación.
+- App móvil nativa (responsive web basta).
+- Multi-sucursal.
+- Sincronización entre dispositivos vía nube.
+- Integración con calendarios externos (Google Calendar, etc.).
+
+---
+
+## 3. Requerimientos funcionales
+
+### 3.1 Gestión de peluqueros
+| ID | Requerimiento | Criterio de aceptación |
+|----|--------------|----------------------|
+| RF-01 | Alta/baja/modificación de peluqueros | Un peluquero puede desactivarse sin perder historial |
+| RF-02 | Definir servicios que presta cada peluquero | Un peluquero puede estar asignado a 1+ servicios |
+| RF-03 | Definir horario laborable (días + franjas) | Bloquea turnos fuera de disponibilidad |
+| RF-04 | Marcar días de vacaciones/ausencia | Esos días no aparecen como disponibles |
+
+### 3.2 Catálogo de servicios (tipos de turno)
+| ID | Requerimiento | Criterio de aceptación |
+|----|--------------|----------------------|
+| RF-05 | Crear servicio con nombre, duración y precio | Duración en minutos, configurable por servicio |
+| RF-06 | Tipos iniciales: corte, coloración, peinado | Se pueden agregar más sin tocar código |
+| RF-07 | Servicio puede requerir peluquero específico o cualquiera | Evita asignar un colorista para un corte |
+
+### 3.3 Agenda y turnos
+| ID | Requerimiento | Criterio de aceptación |
+|----|--------------|----------------------|
+| RF-08 | Vista de agenda: día y semana | Muestra turnos asignados por peluquero |
+| RF-09 | Crear turno asignando cliente + servicio + peluquero + franja | No permite solapamientos (validación en tiempo real) |
+| RF-10 | Cancelar / reagenerar turno | Libera el hueco automáticamente |
+| RF-11 | Duración se calcula desde el servicio seleccionado | No editable manualmente (evita errores) |
+| RF-12 | Tolerancia de 5 min entre turnos configurable | Buffer para limpieza/preparación |
+| RF-13 | Estado del turno: pendiente, confirmado, en curso, completado, cancelado | Transiciones válidas: pendiente → confirmado → completado, cualquiera → cancelado |
+
+### 3.4 Gestión de clientes
+| ID | Requerimiento | Criterio de aceptación |
+|----|--------------|----------------------|
+| RF-14 | Alta de cliente: nombre, teléfono, email opcional | Búsqueda por nombre o teléfono al agendar |
+| RF-15 | Historial de turnos del cliente | Lista cronológica con estado |
+| RF-16 | Baja lógica de cliente | No aparece en búsquedas pero se conservan registros |
+
+### 3.5 Recordatorios
+| ID | Requerimiento | Criterio de aceptación |
+|----|--------------|----------------------|
+| RF-17 | Recordatorio 24h antes del turno | Push local en la web (Notification API) |
+| RF-18 | Recordatorio configurable: 12h, 24h, 48h | Por defecto 24h, configurable por peluquería |
+| RF-19 | Historial de recordatorios enviados | Log local con timestamp y estado |
+
… omitted 60 diff line(s) across 1 additional file(s)/section(s)
  ┊ 📋 preparing kanban_show…
  ┊ 📋 preparing kanban_show…
  ┊ ⚡ kanban_sh   0.0s
  ┊ ⚡ kanban_sh   0.0s
  ┊ ✔ preparing kanban_complete…
  ┊ ⚡ kanban_co   0.3s

╭─ ⚕ Hermes ───────────────────────────────────────────────────────────────────╮
Completé la tarea. Resumen de lo entregado:

Archivo: /home/fulbo/.hermes/kanban/workspaces/t_fa2351d0/requerimientos-calendario-turnos.md

Contenido del documento (6429 bytes):

- 6 secciones cubriendo resumen ejecutivo, alcance, funcionales, no funcionales, restricciones y DoD.
- 21 requerimientos funcionales numerados RF-01 a RF-21 + sub-items:
  - Gestión de peluqueros (4): alta/baja, servicios, horarios, vacaciones.
  - Catálogo de servicios (3): corte/coloración/peinado con duración configurable.
  - Agenda y turnos (6): vista día/semana, anti-solapamiento, estados, buffers.
  - Clientes (3): alta, historial, búsqueda.
  - Recordatorios (3): push local configurables, log.
  - Panel admin (2): dashboard del día, exportar agenda.
- 7 requerimientos no funcionales: 100% local, carga <3s, SQLite, responsive, roles, español (ARS), 2 usuarios concurrentes.
- 5 restricciones incluyendo la negativa absoluta a nube.
- Definition of Done con 6 criterios medibles (agendar <30s, cero solapamientos, recordatorios <1min error, offline, persistencia, test de casos borde).
- Riesgos y mitigaciones (pérdida de datos, cambios huso, escalabilidad).

Los dos hijos (t_55e47856 UX y t_ff35cee7 Tech Lead) quedan liberados y en ready.
╰──────────────────────────────────────────────────────────────────────────────╯

Resume this session with:
  hermes --resume 20260901_152854_73b9a4 -p valen

Session:        20260901_152854_73b9a4
Duration:       2m 8s
Messages:       11 (1 user, 9 tool calls)
