Query: work kanban task t_ff35cee7
Initializing agent...
────────────────────────────────────────

  ┊ 📋 preparing kanban_show…
  ┊ ⚡ kanban_sh   0.0s
  ┊ 📖 preparing read_file…
  ┊ 📖 read      requerimientos-calendario-turnos.md  0.4s
  ┊ ✍️ preparing write_file…
  ┊ ✍️  write     /home/fulbo/.hermes/kanban/workspaces/t_ff35cee7/arquitectura-calendario-turnos.md  0.8s
  ┊ review diff
a/arquitectura-calendario-turnos.md → b/arquitectura-calendario-turnos.md
@@ -0,0 +1,478 @@
+# Arquitectura del Sistema — Calendario de Turnos Peluquería
+
+**Versión:** 1.0
+**Fecha:** 2026-09-01
+**Autor:** Fede (Tech Lead)
+**Task:** t_ff35cee7 — Definir arquitectura del sistema
+**Entrada:** Documento de requerimientos (t_fa2351d0)
+
+---
+
+## 1. Stack tecnológico
+
+| Capa | Tecnología | Justificación |
+|------|-----------|---------------|
+| **Runtime** | Python 3.11+ | Estable, ecosistema rico, sin dependencias cloud |
+| **Backend** | FastAPI | Async, OpenAPI automático, validación con Pydantic, más moderno que Flask |
+| **Servidor ASGI** | Uvicorn | Ligero, para producción local |
+| **Base de datos** | SQLite | Cumple RN-03: archivo local, backup = copiar archivo |
+| **ORM** | SQLAlchemy 2.0 | Tipado, migraciones con Alembic si se necesita |
+| **Auth** | JWT (python-jose) | Sin sesiones server-side, sin dependencias externas |
+| **Scheduler** | APScheduler | Recordatorios, backup automático — todo in-process |
+| **Frontend** | HTML + JS vanilla + CSS | Sin frameworks pesados, cumple RN-02 (< 3s carga) |
+| **Notificaciones** | Service Worker + Notification API | Push local (sin nube), requiere HTTPS o localhost |
+| **Contenedores** | Docker + Docker Compose | Entorno reproducible, un solo comando para levantar |
+| **Backup** | Script Python (sqlite3 .backup) | Diario, copia incremental |
+
+---
+
+## 2. Arquitectura del sistema
+
+### 2.1 Diagrama de alto nivel
+
+```
+┌─────────────────────────────────────────────────────────────┐
+│                      Navegador (cliente)                    │
+│  ┌─────────────┐  ┌──────────────┐  ┌───────────────────┐  │
+│  │  Agenda Web  │  │ Panel Admin  │  │  Service Worker   │  │
+│  │  (HTML/JS)   │  │  (HTML/JS)   │  │ (Notification API)│  │
+│  └──────┬───────┘  └──────┬───────┘  └───────┬───────────┘  │
+└─────────┼─────────────────┼───────────────────┼──────────────┘
+          │                 │                   │
+          └─────────────────┼───────────────────┘
+                            │ HTTP/REST
+┌───────────────────────────┴──────────────────────────────────┐
+│                      FastAPI (Python)                         │
+│  ┌────────────────────────────────────────────────────────┐  │
+│  │                   Rutas API (REST)                      │  │
+│  │  /auth  /peluqueros  /servicios  /clientes  /turnos    │  │
+│  │  /agenda  /dashboard  /recordatorios  /export          │  │
+│  └────────────────────────┬───────────────────────────────┘  │
+│                           │                                   │
+│  ┌────────────────────────┴───────────────────────────────┐  │
+│  │              Servicios de negocio                      │  │
+│  │  TurnoService  RecordatorioService  BackupService      │  │
+│  └────────────────────────┬───────────────────────────────┘  │
+│                           │                                   │
+│  ┌────────────────────────┴───────────────────────────────┐  │
+│  │               SQLAlchemy ORM + SQLite                   │  │
+│  └────────────────────────────────────────────────────────┘  │
+│                                                                │
+│  ┌────────────────────────────────────────────────────────┐  │
+│  │              APScheduler (background)                    │  │
+│  │  - Verificar recordatorios cada 60s                     │  │
+│  │  - Backup diario a las 03:00                           │  │
+│  └────────────────────────────────────────────────────────┘  │
+└──────────────────────────────────────────────────────────────┘
+```
+
+### 2.2 Patrón de capas
+
+```
+Capa 1: Presentación (HTML/CSS/JS — estáticos)
+Capa 2: API (FastAPI routes — endpoints REST)
+Capa 3: Servicios (TurnoService, RecordatorioService — lógica de negocio)
+Capa 4: Datos (SQLAlchemy models + SQLite)
+```
+
+La validación de solapamientos, cálculo de duración, y transiciones de estado viven en la **capa de servicios**, no en los endpoints ni en el frontend.
… omitted 400 diff line(s) across 1 additional file(s)/section(s)
  ┊ 📋 preparing kanban_show…
  ┊ 📋 preparing kanban_show…
  ┊ 📋 preparing kanban_show…
  ┊ ⚡ kanban_sh   0.0s
  ┊ ⚡ kanban_sh   0.0s
  ┊ ⚡ kanban_sh   0.0s

╭─ ⚕ Hermes ───────────────────────────────────────────────────────────────────╮
Ahora completo la task. Los 3 hijos (backend, frontend, DevOps) quedan liberados con esta arquitectura como insumo.

╰──────────────────────────────────────────────────────────────────────────────╯
  ┊ ✔ preparing kanban_complete…
  ┊ ⚡ kanban_co   0.2s

╭─ ⚕ Hermes ───────────────────────────────────────────────────────────────────╮
Listo. Task t_ff35cee7 completada.

Lo que entregué — arquitectura-calendario-turnos.md (22 KB):

- Stack: FastAPI + SQLAlchemy + SQLite + JS vanilla + Docker Compose
- Arquitectura en 4 capas: Presentación → API → Servicios → Datos
- Modelo de datos: 8 entidades (usuario, peluquero, servicio, cliente, turno, recordatorio, horario, ausencia)
- 28 endpoints REST documentados con método, path y descripción
- Estructura de proyecto completa con 30+ archivos/carpetas
- 5 fases de implementación con checklists atómicos
- 5 ADRs (FastAPI sobre Flask, SQLite, frontend vanilla, Service Worker, JWT sin refresh)
- Docker Compose + Dockerfile listos para copiar

Hijos desbloqueados:
- t_1ddf4a95 — Backend (jose)
- t_75008de0 — Frontend (cele)
- t_e24f99d1 — DevOps (gaston)

El documento está en /home/fulbo/.hermes/kanban/workspaces/t_ff35cee7/arquitectura-calendario-turnos.md.
╰──────────────────────────────────────────────────────────────────────────────╯

Resume this session with:
  hermes --resume 20260901_153156_2baa9e -p fede

Session:        20260901_153156_2baa9e
Duration:       3m 16s
Messages:       14 (1 user, 12 tool calls)
